AirWatcher App - Error: You entered an invalid longitude value.
