AirWatcher App - Error: Start date must be before end date. Please try again.
