Welcome to AirWatcher App!

Menu:
1. Sign In
2. Exit
Select your choice: 
Enter user login: 
AirWatcher App -  Welcome to AirWatcher ! Let's get started.

AirWatcher App - Government Agency Menu 

1) - Calculate mean air quality over area.
2) - Show statistics for a specific sensor. 
3) - Score and rank sensors by similarity.
4) - Performance tests.
5) - Sign Out.

Select a functionality by choosing the corresponding number:


AirWatcher App- You signed out successfully !

Menu:
1. Sign In
2. Exit
Select your choice: 
Exiting...
