Welcome to AirWatcher App!

Menu:
1. Sign In
2. Exit
Select your choice: 
Enter user login: 

Menu:
1. Sign In
2. Exit
Select your choice: 
Exiting...
