AirWatcher App - Error: You entered invalid user name.
