==== RESULTS ====

Average air quality in the zone  
Center: 44.0, 0.0 -- Radius: 5 km  
Period: 01/01/2019 00:00 → 01/01/2019 23:59

→ ATMO Index = 3 (Moderate air quality)
