
AirWatcher App - Error: The sensor you selected is not found
