Format de date invalide dans la chaîne : 20192-01-01
Veuillez entrer une date au format YYYY-MM-DD HH:MM:SS : 
Format de date invalide dans la chaîne : 
Veuillez entrer une date au format YYYY-MM-DD HH:MM:SS : 
